Consulta: 2026-09-14 05:34:00
URL: https://hst-api.wialon.us/wialon/ajax.html
Unidades en Wialon: 13

--- 1  EUI-621 (ID: 402191563) ---
  Mensajes GPS hoy: 474
  📍 Última Pos: -4.5873183, -81.2692483 -> SECTORIAL
  ✅ KM hoy: 14.42 | Juris: SECTORIAL

--- 2  EUI-682 (ID: 402191188) ---
  Mensajes GPS hoy: 781
  📍 Última Pos: -4.5874733, -81.2691483 -> SECTORIAL
  ✅ KM hoy: 36.39 | Juris: SECTORIAL

--- 4  EUI-646 (ID: 402191155) ---
  Mensajes GPS hoy: 693
  📍 Última Pos: -4.5875049, -81.2692033 -> SECTORIAL
  ✅ KM hoy: 18.71 | Juris: SECTORIAL

--- 5  EUI-685 (ID: 402191183) ---
  Mensajes GPS hoy: 676
  📍 Última Pos: -4.5872933, -81.2693016 -> SECTORIAL
  ✅ KM hoy: 26.27 | Juris: SECTORIAL

--- 7  EUI-679 (ID: 402191378) ---
  Mensajes GPS hoy: 683
  📍 Última Pos: -4.5872866, -81.26929 -> SECTORIAL
  ✅ KM hoy: 15.97 | Juris: SECTORIAL

--- 8  EUI-680 (ID: 402191308) ---
  Mensajes GPS hoy: 453
  📍 Última Pos: -4.5874283, -81.26928 -> SECTORIAL
  ✅ KM hoy: 16.28 | Juris: SECTORIAL

--- 9  EUI-645 (ID: 402190601) ---
  Mensajes GPS hoy: 537
  📍 Última Pos: -4.587275, -81.2690766 -> SECTORIAL
  ✅ KM hoy: 24.91 | Juris: SECTORIAL

--- 11  EUI-668 (ID: 402190862) ---
  Mensajes GPS hoy: 793
  📍 Última Pos: -4.5897216, -81.2502083 -> T.ALTA
  ✅ KM hoy: 31.74 | Juris: T.ALTA