Consulta: 2026-09-08 02:57:57
URL: https://hst-api.wialon.us/wialon/ajax.html
Unidades en Wialon: 13

--- 1  EUI-621 (ID: 402191563) ---
  Mensajes GPS hoy: 222
  📍 Última Pos: -4.5847066, -81.2617116 -> T.ALTA
  ✅ KM hoy: 6.07 | Juris: T.ALTA

--- 2  EUI-682 (ID: 402191188) ---
  Mensajes GPS hoy: 542
  📍 Última Pos: -4.5774633, -81.2561616 -> T.ALTA
  ✅ KM hoy: 15.39 | Juris: T.ALTA

--- 4  EUI-646 (ID: 402191155) ---
  Mensajes GPS hoy: 381
  📍 Última Pos: -4.5835383, -81.1916733 -> T.ALTA
  ✅ KM hoy: 6.73 | Juris: T.ALTA

--- 5  EUI-685 (ID: 402191183) ---
  Mensajes GPS hoy: 467
  📍 Última Pos: -4.581205, -81.2718066 -> SECTORIAL
  ✅ KM hoy: 18.76 | Juris: SECTORIAL

--- 7  EUI-679 (ID: 402191378) ---
  Mensajes GPS hoy: 436
  📍 Última Pos: -4.5611833, -81.2753683 -> SECTORIAL
  ✅ KM hoy: 12.81 | Juris: SECTORIAL

--- 8  EUI-680 (ID: 402191308) ---
  Mensajes GPS hoy: 386
  📍 Última Pos: -4.5727633, -81.272465 -> SECTORIAL
  ✅ KM hoy: 18.66 | Juris: SECTORIAL

--- 10  EUI-647 (ID: 402191562) ---
  Mensajes GPS hoy: 314
  📍 Última Pos: -4.5916983, -81.1759966 -> T.ALTA
  ✅ KM hoy: 7.53 | Juris: T.ALTA

--- 11  EUI-668 (ID: 402190862) ---
  Mensajes GPS hoy: 652
  📍 Última Pos: -4.5749549, -81.2718033 -> SECTORIAL
  ✅ KM hoy: 23.7 | Juris: SECTORIAL